2026-07-17 12:07:00,636 | INFO | Extraction des données RH
2026-07-17 12:07:00,853 | INFO | Transformation des données
2026-07-17 12:07:00,856 | INFO | Validation des données
2026-07-17 12:07:00,858 | INFO | Calcul des distances
2026-07-17 12:07:00,858 | INFO | Calcul des avantages
2026-07-17 12:07:00,860 | INFO | Export CSV
2026-07-17 12:31:53,651 | INFO | Démarrage du pipeline
2026-07-17 12:31:53,842 | INFO | Données RH chargées : 161 salariés
2026-07-17 12:31:53,868 | INFO | Données sport chargées : 161 enregistrements
2026-07-17 12:31:53,870 | INFO | Transformation terminée : 161 salariés
2026-07-17 12:31:53,872 | INFO | Validation des données terminée
2026-07-17 12:31:53,874 | INFO | Distances calculées : moyenne 14.68 km, minimum 1.00 km, maximum 29.90 km
2026-07-17 12:31:53,875 | INFO | Éligibilité transport : 11 salarié(s) sur 161, soit 6.8 %
2026-07-17 12:31:53,876 | INFO | Coût total prévisionnel des primes : 29452.50 €
2026-07-17 12:31:53,879 | INFO | Export terminé : 161 lignes écrites
2026-07-17 12:31:53,879 | INFO | Pipeline terminé avec succès en 0.23 secondes
2026-07-17 12:50:40,580 | INFO | Démarrage du pipeline
2026-07-17 12:50:40,761 | INFO | Données RH chargées : 161 salariés
2026-07-17 12:50:40,788 | INFO | Données sport chargées : 161 enregistrements
2026-07-17 12:50:40,791 | INFO | Transformation terminée : 161 salariés
2026-07-17 12:50:40,792 | INFO | Validation des données terminée
2026-07-17 12:50:40,793 | INFO | Distances calculées : moyenne 14.68 km, minimum 1.00 km, maximum 29.90 km
2026-07-17 12:50:40,795 | INFO | Éligibilité transport : 11 salarié(s) sur 161, soit 6.8 %
2026-07-17 12:50:40,795 | INFO | Coût total prévisionnel des primes : 29452.50 €
2026-07-17 12:50:40,801 | INFO | Activités générées : 0
2026-07-17 12:50:40,805 | INFO | Export terminé : 161 lignes écrites
2026-07-17 12:50:40,806 | INFO | Export des activités terminé : 0 lignes
2026-07-17 12:50:40,806 | INFO | Pipeline terminé avec succès en 0.23 secondes
2026-07-17 13:14:20,204 | INFO | Démarrage du pipeline
2026-07-17 13:14:20,387 | INFO | Données RH chargées : 161 salariés
2026-07-17 13:14:20,414 | INFO | Données sport chargées : 161 enregistrements
2026-07-17 13:14:20,416 | INFO | Transformation terminée : 161 salariés
2026-07-17 13:14:20,418 | INFO | Validation des données terminée
2026-07-17 13:14:20,419 | INFO | Distances calculées : moyenne 14.68 km, minimum 1.00 km, maximum 29.90 km
2026-07-17 13:14:20,421 | INFO | Éligibilité transport : 11 salarié(s) sur 161, soit 6.8 %
2026-07-17 13:14:20,421 | INFO | Coût total prévisionnel des primes : 29452.50 €
2026-07-17 13:14:20,586 | INFO | Activités générées sur 12 mois : 15633
2026-07-17 13:14:20,587 | INFO | Salariés ayant au moins une activité : 161
2026-07-17 13:14:20,590 | INFO | Export terminé : 161 lignes écrites
2026-07-17 13:14:20,667 | INFO | Export des activités terminé : 15633 lignes
2026-07-17 13:14:20,667 | INFO | Pipeline terminé avec succès en 0.46 secondes
2026-07-17 13:21:53,887 | INFO | Démarrage du pipeline
2026-07-17 13:21:54,067 | INFO | Données RH chargées : 161 salariés
2026-07-17 13:21:54,093 | INFO | Données sport chargées : 161 enregistrements
2026-07-17 13:21:54,096 | INFO | Transformation terminée : 161 salariés
2026-07-17 13:21:54,098 | INFO | Validation des données terminée
2026-07-17 13:21:54,098 | INFO | Distances calculées : moyenne 14.68 km, minimum 1.00 km, maximum 29.90 km
2026-07-17 13:21:54,100 | INFO | Éligibilité transport : 11 salarié(s) sur 161, soit 6.8 %
2026-07-17 13:21:54,100 | INFO | Coût total prévisionnel des primes : 29452.50 €
2026-07-17 13:21:54,206 | INFO | Activités associées à un sport invalide : 0
2026-07-17 13:21:54,207 | INFO | Activités générées sur 12 mois : 9110
2026-07-17 13:21:54,207 | INFO | Salariés ayant au moins une activité : 95
2026-07-17 13:21:54,207 | INFO | Activités avec distance renseignée : 4870
2026-07-17 13:21:54,210 | INFO | Export terminé : 161 lignes écrites
2026-07-17 13:21:54,257 | INFO | Export des activités terminé : 9110 lignes
2026-07-17 13:21:54,257 | INFO | Pipeline terminé avec succès en 0.37 secondes
2026-07-17 13:28:23,545 | INFO | Démarrage du pipeline
2026-07-17 13:28:23,727 | INFO | Données RH chargées : 161 salariés
2026-07-17 13:28:23,754 | INFO | Données sport chargées : 161 enregistrements
2026-07-17 13:28:23,756 | INFO | Transformation terminée : 161 salariés
2026-07-17 13:28:23,758 | INFO | Validation des données terminée
2026-07-17 13:28:23,759 | INFO | Distances calculées : moyenne 14.68 km, minimum 1.00 km, maximum 29.90 km
2026-07-17 13:28:23,760 | INFO | Éligibilité transport : 11 salarié(s) sur 161, soit 6.8 %
2026-07-17 13:28:23,760 | INFO | Coût total prévisionnel des primes : 29452.50 €
2026-07-17 13:28:23,865 | INFO | Activités associées à un sport invalide : 0
2026-07-17 13:28:23,866 | INFO | Activités générées sur 12 mois : 9110
2026-07-17 13:28:23,866 | INFO | Salariés ayant au moins une activité : 95
2026-07-17 13:28:23,866 | INFO | Activités avec distance renseignée : 4870
2026-07-17 13:28:23,869 | INFO | Salariés éligibles aux jours bien-être : 95
2026-07-17 13:28:23,869 | INFO | Total de jours bien-être accordés : 475
2026-07-17 13:28:23,873 | INFO | Export terminé : 161 lignes écrites
2026-07-17 13:28:23,919 | INFO | Export des activités terminé : 9110 lignes
2026-07-17 13:28:23,919 | INFO | Pipeline terminé avec succès en 0.37 secondes
2026-07-17 13:39:14,968 | INFO | Démarrage du pipeline
2026-07-17 13:39:15,155 | INFO | Données RH chargées : 161 salariés
2026-07-17 13:39:15,183 | INFO | Données sport chargées : 161 enregistrements
2026-07-17 13:39:15,185 | INFO | Transformation terminée : 161 salariés
2026-07-17 13:39:15,187 | INFO | Validation des données terminée
2026-07-17 13:39:15,188 | INFO | Distances calculées : moyenne 14.68 km, minimum 1.00 km, maximum 29.90 km
2026-07-17 13:39:15,190 | INFO | Éligibilité transport : 11 salarié(s) sur 161, soit 6.8 %
2026-07-17 13:39:15,214 | INFO | Coût total prévisionnel des primes : 29452.50 €
2026-07-17 13:39:15,320 | INFO | Activités associées à un sport invalide : 0
2026-07-17 13:39:15,320 | INFO | Activités générées sur 12 mois : 9110
2026-07-17 13:39:15,321 | INFO | Salariés ayant au moins une activité : 95
2026-07-17 13:39:15,321 | INFO | Activités avec distance renseignée : 4870
2026-07-17 13:39:15,323 | INFO | Salariés éligibles aux jours bien-être : 95
2026-07-17 13:39:15,323 | INFO | Total de jours bien-être accordés : 475
2026-07-17 13:39:15,455 | INFO | Messages Slack générés : 9110
2026-07-17 13:39:15,458 | INFO | Export terminé : 161 lignes écrites
2026-07-17 13:39:15,504 | INFO | Export des activités terminé : 9110 lignes
2026-07-17 13:39:15,547 | INFO | Messages Slack exportés : C:\Users\micka\Formation IA\Projet 12\P12-sport-data-poc\data\processed\slack_messages.csv
2026-07-17 13:39:15,547 | INFO | Pipeline terminé avec succès en 0.58 secondes
2026-07-17 13:48:33,969 | INFO | Démarrage du pipeline
2026-07-17 13:48:34,152 | INFO | Données RH chargées : 161 salariés
2026-07-17 13:48:34,202 | INFO | Données sport chargées : 161 enregistrements
2026-07-17 13:48:34,204 | INFO | Transformation terminée : 161 salariés
2026-07-17 13:48:34,206 | INFO | Validation des données terminée
2026-07-17 13:48:34,206 | INFO | Distances calculées : moyenne 14.68 km, minimum 1.00 km, maximum 29.90 km
2026-07-17 13:48:34,208 | INFO | Éligibilité transport : 11 salarié(s) sur 161, soit 6.8 %
2026-07-17 13:48:34,208 | INFO | Coût total prévisionnel des primes : 29452.50 €
2026-07-17 13:48:34,313 | INFO | Activités associées à un sport invalide : 0
2026-07-17 13:48:34,313 | INFO | Activités générées sur 12 mois : 9110
2026-07-17 13:48:34,313 | INFO | Salariés ayant au moins une activité : 95
2026-07-17 13:48:34,314 | INFO | Activités avec distance renseignée : 4870
2026-07-17 13:48:34,316 | INFO | Salariés éligibles aux jours bien-être : 95
2026-07-17 13:48:34,316 | INFO | Total de jours bien-être accordés : 475
2026-07-17 13:48:34,450 | INFO | Messages Slack générés : 9110
2026-07-17 13:48:34,453 | INFO | Export terminé : 161 lignes écrites
2026-07-17 13:48:34,499 | INFO | Export des activités terminé : 9110 lignes
2026-07-17 13:48:34,541 | INFO | Messages Slack exportés : C:\Users\micka\Formation IA\Projet 12\P12-sport-data-poc\data\processed\slack_messages.csv
2026-07-17 13:48:34,744 | INFO | Base mise à jour : 161 salariés, 9110 activités, 9110 messages Slack
2026-07-17 13:48:34,745 | INFO | Pipeline terminé avec succès en 0.78 secondes
2026-07-17 16:14:54,922 | INFO | Démarrage du pipeline
2026-07-17 16:14:55,106 | INFO | Données RH chargées : 161 salariés
2026-07-17 16:14:55,154 | INFO | Données sport chargées : 161 enregistrements
2026-07-17 16:14:55,157 | INFO | Transformation terminée : 161 salariés
2026-07-17 16:14:55,158 | INFO | Validation des données terminée
2026-07-17 16:15:01,527 | ERROR | Échec du pipeline
Traceback (most recent call last):
  File "C:\Users\micka\Formation IA\Projet 12\P12-sport-data-poc\etl\pipeline_service.py", line 46, in run
    employees = self.compute_distance(employees)
                ^^^^^^^^^^^^^^^^^^^^^^^^^^^^^^^^
  File "C:\Users\micka\Formation IA\Projet 12\P12-sport-data-poc\etl\pipeline_service.py", line 117, in compute_distance
    enriched_df = self.distance_service.compute(df)
                  ^^^^^^^^^^^^^^^^^^^^^^^^^^^^^^^^^
  File "C:\Users\micka\Formation IA\Projet 12\P12-sport-data-poc\services\google_maps_distance_service.py", line 102, in compute
    self.cache.set(
  File "C:\Users\micka\Formation IA\Projet 12\P12-sport-data-poc\services\distance_cache.py", line 112, in set
    self._save()
  File "C:\Users\micka\Formation IA\Projet 12\P12-sport-data-poc\services\distance_cache.py", line 189, in _save
    temporary_path.replace(
  File "C:\Users\micka\AppData\Local\Programs\Python\Python311\Lib\pathlib.py", line 1188, in replace
    os.replace(self, target)
PermissionError: [WinError 5] Accès refusé: 'C:\\Users\\micka\\Formation IA\\Projet 12\\P12-sport-data-poc\\data\\cache\\google_distances.tmp' -> 'C:\\Users\\micka\\Formation IA\\Projet 12\\P12-sport-data-poc\\data\\cache\\google_distances.csv'
2026-07-17 16:17:04,860 | INFO | Démarrage du pipeline
2026-07-17 16:17:05,046 | INFO | Données RH chargées : 161 salariés
2026-07-17 16:17:05,094 | INFO | Données sport chargées : 161 enregistrements
2026-07-17 16:17:05,097 | INFO | Transformation terminée : 161 salariés
2026-07-17 16:17:05,098 | INFO | Validation des données terminée
2026-07-17 16:17:27,710 | INFO | Calcul des distances terminé : 2 valeur(s) depuis le cache, 159 appel(s) Google, 0 adresse(s) manquante(s).
2026-07-17 16:17:27,712 | ERROR | Échec du pipeline
Traceback (most recent call last):
  File "C:\Users\micka\AppData\Local\Programs\Python\Python311\Lib\site-packages\pandas\core\indexes\base.py", line 3805, in get_loc
    return self._engine.get_loc(casted_key)
           ^^^^^^^^^^^^^^^^^^^^^^^^^^^^^^^^
  File "index.pyx", line 167, in pandas._libs.index.IndexEngine.get_loc
  File "index.pyx", line 196, in pandas._libs.index.IndexEngine.get_loc
  File "pandas\\_libs\\hashtable_class_helper.pxi", line 7081, in pandas._libs.hashtable.PyObjectHashTable.get_item
  File "pandas\\_libs\\hashtable_class_helper.pxi", line 7089, in pandas._libs.hashtable.PyObjectHashTable.get_item
KeyError: 'distance_km'

The above exception was the direct cause of the following exception:

Traceback (most recent call last):
  File "C:\Users\micka\Formation IA\Projet 12\P12-sport-data-poc\etl\pipeline_service.py", line 46, in run
    employees = self.compute_distance(employees)
                ^^^^^^^^^^^^^^^^^^^^^^^^^^^^^^^^
  File "C:\Users\micka\Formation IA\Projet 12\P12-sport-data-poc\etl\pipeline_service.py", line 122, in compute_distance
    enriched_df["distance_km"].mean(),
    ~~~~~~~~~~~^^^^^^^^^^^^^^^
  File "C:\Users\micka\AppData\Local\Programs\Python\Python311\Lib\site-packages\pandas\core\frame.py", line 4102, in __getitem__
    indexer = self.columns.get_loc(key)
              ^^^^^^^^^^^^^^^^^^^^^^^^^
  File "C:\Users\micka\AppData\Local\Programs\Python\Python311\Lib\site-packages\pandas\core\indexes\base.py", line 3812, in get_loc
    raise KeyError(key) from err
KeyError: 'distance_km'
2026-07-17 16:21:41,681 | INFO | Démarrage du pipeline
2026-07-17 16:21:41,865 | INFO | Données RH chargées : 161 salariés
2026-07-17 16:21:41,914 | INFO | Données sport chargées : 161 enregistrements
2026-07-17 16:21:41,916 | INFO | Transformation terminée : 161 salariés
2026-07-17 16:21:41,918 | INFO | Validation des données terminée
2026-07-17 16:21:55,263 | INFO | Calcul des distances terminé : 2 valeur(s) depuis le cache, 159 appel(s) Google, 0 adresse(s) manquante(s).
2026-07-17 16:21:55,263 | ERROR | Échec du pipeline
Traceback (most recent call last):
  File "C:\Users\micka\AppData\Local\Programs\Python\Python311\Lib\site-packages\pandas\core\indexes\base.py", line 3805, in get_loc
    return self._engine.get_loc(casted_key)
           ^^^^^^^^^^^^^^^^^^^^^^^^^^^^^^^^
  File "index.pyx", line 167, in pandas._libs.index.IndexEngine.get_loc
  File "index.pyx", line 196, in pandas._libs.index.IndexEngine.get_loc
  File "pandas\\_libs\\hashtable_class_helper.pxi", line 7081, in pandas._libs.hashtable.PyObjectHashTable.get_item
  File "pandas\\_libs\\hashtable_class_helper.pxi", line 7089, in pandas._libs.hashtable.PyObjectHashTable.get_item
KeyError: 'distance_km'

The above exception was the direct cause of the following exception:

Traceback (most recent call last):
  File "C:\Users\micka\Formation IA\Projet 12\P12-sport-data-poc\etl\pipeline_service.py", line 46, in run
    employees = self.compute_distance(employees)
                ^^^^^^^^^^^^^^^^^^^^^^^^^^^^^^^^
  File "C:\Users\micka\Formation IA\Projet 12\P12-sport-data-poc\etl\pipeline_service.py", line 122, in compute_distance
    enriched_df["distance_km"].mean(),
    ~~~~~~~~~~~^^^^^^^^^^^^^^^
  File "C:\Users\micka\AppData\Local\Programs\Python\Python311\Lib\site-packages\pandas\core\frame.py", line 4102, in __getitem__
    indexer = self.columns.get_loc(key)
              ^^^^^^^^^^^^^^^^^^^^^^^^^
  File "C:\Users\micka\AppData\Local\Programs\Python\Python311\Lib\site-packages\pandas\core\indexes\base.py", line 3812, in get_loc
    raise KeyError(key) from err
KeyError: 'distance_km'
2026-07-17 16:22:48,044 | INFO | Démarrage du pipeline
2026-07-17 16:22:48,226 | INFO | Données RH chargées : 161 salariés
2026-07-17 16:22:48,274 | INFO | Données sport chargées : 161 enregistrements
2026-07-17 16:22:48,277 | INFO | Transformation terminée : 161 salariés
2026-07-17 16:22:48,278 | INFO | Validation des données terminée
2026-07-17 16:22:48,305 | INFO | Calcul des distances terminé : 161 valeur(s) depuis le cache, 0 appel(s) Google, 0 adresse(s) manquante(s).
2026-07-17 16:22:48,306 | INFO | Distances calculées : moyenne 19.86 km, minimum 1.06 km, maximum 76.67 km
2026-07-17 16:22:48,307 | ERROR | Échec du pipeline
Traceback (most recent call last):
  File "C:\Users\micka\AppData\Local\Programs\Python\Python311\Lib\site-packages\pandas\core\indexes\base.py", line 3805, in get_loc
    return self._engine.get_loc(casted_key)
           ^^^^^^^^^^^^^^^^^^^^^^^^^^^^^^^^
  File "index.pyx", line 167, in pandas._libs.index.IndexEngine.get_loc
  File "index.pyx", line 196, in pandas._libs.index.IndexEngine.get_loc
  File "pandas\\_libs\\hashtable_class_helper.pxi", line 7081, in pandas._libs.hashtable.PyObjectHashTable.get_item
  File "pandas\\_libs\\hashtable_class_helper.pxi", line 7089, in pandas._libs.hashtable.PyObjectHashTable.get_item
KeyError: 'distance_km'

The above exception was the direct cause of the following exception:

Traceback (most recent call last):
  File "C:\Users\micka\Formation IA\Projet 12\P12-sport-data-poc\etl\pipeline_service.py", line 47, in run
    employees = self.compute_eligibility(employees)
                ^^^^^^^^^^^^^^^^^^^^^^^^^^^^^^^^^^^
  File "C:\Users\micka\Formation IA\Projet 12\P12-sport-data-poc\etl\pipeline_service.py", line 130, in compute_eligibility
    enriched_df = self.eligibility_service.compute(df)
                  ^^^^^^^^^^^^^^^^^^^^^^^^^^^^^^^^^^^^
  File "C:\Users\micka\Formation IA\Projet 12\P12-sport-data-poc\services\eligibility_service.py", line 24, in compute
    df["distance_km"]
    ~~^^^^^^^^^^^^^^^
  File "C:\Users\micka\AppData\Local\Programs\Python\Python311\Lib\site-packages\pandas\core\frame.py", line 4102, in __getitem__
    indexer = self.columns.get_loc(key)
              ^^^^^^^^^^^^^^^^^^^^^^^^^
  File "C:\Users\micka\AppData\Local\Programs\Python\Python311\Lib\site-packages\pandas\core\indexes\base.py", line 3812, in get_loc
    raise KeyError(key) from err
KeyError: 'distance_km'
2026-07-17 16:22:56,667 | INFO | Démarrage du pipeline
2026-07-17 16:22:56,844 | INFO | Données RH chargées : 161 salariés
2026-07-17 16:22:56,889 | INFO | Données sport chargées : 161 enregistrements
2026-07-17 16:22:56,893 | INFO | Transformation terminée : 161 salariés
2026-07-17 16:22:56,894 | INFO | Validation des données terminée
2026-07-17 16:22:56,921 | INFO | Calcul des distances terminé : 161 valeur(s) depuis le cache, 0 appel(s) Google, 0 adresse(s) manquante(s).
2026-07-17 16:22:56,921 | INFO | Distances calculées : moyenne 19.86 km, minimum 1.06 km, maximum 76.67 km
2026-07-17 16:22:56,922 | ERROR | Échec du pipeline
Traceback (most recent call last):
  File "C:\Users\micka\AppData\Local\Programs\Python\Python311\Lib\site-packages\pandas\core\indexes\base.py", line 3805, in get_loc
    return self._engine.get_loc(casted_key)
           ^^^^^^^^^^^^^^^^^^^^^^^^^^^^^^^^
  File "index.pyx", line 167, in pandas._libs.index.IndexEngine.get_loc
  File "index.pyx", line 196, in pandas._libs.index.IndexEngine.get_loc
  File "pandas\\_libs\\hashtable_class_helper.pxi", line 7081, in pandas._libs.hashtable.PyObjectHashTable.get_item
  File "pandas\\_libs\\hashtable_class_helper.pxi", line 7089, in pandas._libs.hashtable.PyObjectHashTable.get_item
KeyError: 'distance_km'

The above exception was the direct cause of the following exception:

Traceback (most recent call last):
  File "C:\Users\micka\Formation IA\Projet 12\P12-sport-data-poc\etl\pipeline_service.py", line 47, in run
    employees = self.compute_eligibility(employees)
                ^^^^^^^^^^^^^^^^^^^^^^^^^^^^^^^^^^^
  File "C:\Users\micka\Formation IA\Projet 12\P12-sport-data-poc\etl\pipeline_service.py", line 130, in compute_eligibility
    enriched_df = self.eligibility_service.compute(df)
                  ^^^^^^^^^^^^^^^^^^^^^^^^^^^^^^^^^^^^
  File "C:\Users\micka\Formation IA\Projet 12\P12-sport-data-poc\services\eligibility_service.py", line 24, in compute
    df["distance_km"]
    ~~^^^^^^^^^^^^^^^
  File "C:\Users\micka\AppData\Local\Programs\Python\Python311\Lib\site-packages\pandas\core\frame.py", line 4102, in __getitem__
    indexer = self.columns.get_loc(key)
              ^^^^^^^^^^^^^^^^^^^^^^^^^
  File "C:\Users\micka\AppData\Local\Programs\Python\Python311\Lib\site-packages\pandas\core\indexes\base.py", line 3812, in get_loc
    raise KeyError(key) from err
KeyError: 'distance_km'
2026-07-17 16:27:12,493 | INFO | Démarrage du pipeline
2026-07-17 16:27:12,675 | INFO | Données RH chargées : 161 salariés
2026-07-17 16:27:12,722 | INFO | Données sport chargées : 161 enregistrements
2026-07-17 16:27:12,724 | INFO | Transformation terminée : 161 salariés
2026-07-17 16:27:12,726 | INFO | Validation des données terminée
2026-07-17 16:27:12,753 | INFO | Calcul des distances terminé : 161 valeur(s) depuis le cache, 0 appel(s) Google, 0 adresse(s) manquante(s).
2026-07-17 16:27:12,753 | INFO | Distances calculées : moyenne 19.86 km, minimum 1.06 km, maximum 76.67 km
2026-07-17 16:27:12,755 | INFO | Éligibilité transport : 14 salarié(s) sur 161, soit 8.7 %
2026-07-17 16:27:12,755 | INFO | Coût total prévisionnel des primes : 37809.50 €
2026-07-17 16:27:12,860 | INFO | Activités associées à un sport invalide : 0
2026-07-17 16:27:12,860 | INFO | Activités générées sur 12 mois : 9110
2026-07-17 16:27:12,860 | INFO | Salariés ayant au moins une activité : 95
2026-07-17 16:27:12,860 | INFO | Activités avec distance renseignée : 4870
2026-07-17 16:27:12,863 | INFO | Salariés éligibles aux jours bien-être : 95
2026-07-17 16:27:12,864 | INFO | Total de jours bien-être accordés : 475
2026-07-17 16:27:12,993 | INFO | Messages Slack générés : 9110
2026-07-17 16:27:12,996 | INFO | Export terminé : 161 lignes écrites
2026-07-17 16:27:13,043 | INFO | Export des activités terminé : 9110 lignes
2026-07-17 16:27:13,084 | INFO | Messages Slack exportés : C:\Users\micka\Formation IA\Projet 12\P12-sport-data-poc\data\processed\slack_messages.csv
2026-07-17 16:27:13,299 | INFO | Base mise à jour : 161 salariés, 9110 activités, 9110 messages Slack
2026-07-17 16:27:13,299 | INFO | Pipeline terminé avec succès en 0.81 secondes
2026-07-19 19:49:00,675 | INFO | Calcul des distances terminé : 0 valeur(s) depuis le cache, 1 appel(s) Google, 0 adresse(s) manquante(s).
2026-07-19 19:49:00,676 | INFO | Calcul des distances terminé : 1 valeur(s) depuis le cache, 0 appel(s) Google, 0 adresse(s) manquante(s).
2026-07-19 19:49:00,687 | INFO | Calcul des distances terminé : 0 valeur(s) depuis le cache, 4 appel(s) Google, 0 adresse(s) manquante(s).
2026-07-19 20:01:22,712 | INFO | Démarrage du pipeline
2026-07-19 20:01:22,968 | INFO | Données RH chargées : 161 salariés
2026-07-19 20:01:23,030 | INFO | Données sport chargées : 161 enregistrements
2026-07-19 20:01:23,034 | INFO | Transformation terminée : 161 salariés
2026-07-19 20:01:23,036 | INFO | Validation des données terminée
2026-07-19 20:01:44,425 | INFO | Calcul des distances terminé : 1 valeur(s) depuis le cache, 160 appel(s) Google, 0 adresse(s) manquante(s).
2026-07-19 20:01:44,427 | INFO | Distances calculées : moyenne 19.42 km, minimum 0.25 km, maximum 76.67 km
2026-07-19 20:01:44,433 | INFO | Éligibilité transport : 68 salarié(s) sur 161, soit 42.2 %
2026-07-19 20:01:44,433 | INFO | Coût total prévisionnel des primes : 172482.50 €
2026-07-19 20:01:44,568 | INFO | Activités associées à un sport invalide : 0
2026-07-19 20:01:44,568 | INFO | Activités générées sur 12 mois : 9110
2026-07-19 20:01:44,568 | INFO | Salariés ayant au moins une activité : 95
2026-07-19 20:01:44,568 | INFO | Activités avec distance renseignée : 4870
2026-07-19 20:01:44,587 | INFO | Salariés éligibles aux jours bien-être : 95
2026-07-19 20:01:44,588 | INFO | Total de jours bien-être accordés : 475
2026-07-19 20:01:44,765 | INFO | Messages Slack générés : 9110
2026-07-19 20:01:44,769 | INFO | Export terminé : 161 lignes écrites
2026-07-19 20:01:44,818 | INFO | Export des activités terminé : 9110 lignes
2026-07-19 20:01:44,864 | INFO | Messages Slack exportés : C:\Users\micka\Formation IA\Projet 12\P12-sport-data-poc\data\processed\slack_messages.csv
2026-07-19 20:01:45,143 | INFO | Base mise à jour : 161 salariés, 9110 activités, 9110 messages Slack
2026-07-19 20:01:45,143 | INFO | Pipeline terminé avec succès en 22.43 secondes
2026-07-19 22:16:30,277 | INFO | Démarrage du pipeline
2026-07-19 22:16:30,487 | INFO | Données RH chargées : 161 salariés
2026-07-19 22:16:30,547 | INFO | Données sport chargées : 161 enregistrements
2026-07-19 22:16:30,549 | INFO | Transformation terminée : 161 salariés
2026-07-19 22:16:30,550 | INFO | Validation des données terminée
2026-07-19 22:16:30,599 | INFO | Calcul des distances terminé : 161 valeur(s) depuis le cache, 0 appel(s) Google, 0 adresse(s) manquante(s).
2026-07-19 22:16:30,599 | INFO | Distances calculées : moyenne 19.42 km, minimum 0.25 km, maximum 76.67 km
2026-07-19 22:16:30,601 | INFO | Éligibilité transport : 68 salarié(s) sur 161, soit 42.2 %
2026-07-19 22:16:30,601 | INFO | Coût total prévisionnel des primes : 172482.50 €
2026-07-19 22:16:30,709 | INFO | Activités associées à un sport invalide : 0
2026-07-19 22:16:30,709 | INFO | Activités générées sur 12 mois : 9110
2026-07-19 22:16:30,710 | INFO | Salariés ayant au moins une activité : 95
2026-07-19 22:16:30,710 | INFO | Activités avec distance renseignée : 4870
2026-07-19 22:16:30,724 | INFO | Salariés éligibles aux jours bien-être : 95
2026-07-19 22:16:30,724 | INFO | Total de jours bien-être accordés : 475
2026-07-19 22:16:30,869 | INFO | Messages Slack générés : 9110
2026-07-19 22:16:30,873 | INFO | Export terminé : 161 lignes écrites
2026-07-19 22:16:30,924 | INFO | Export des activités terminé : 9110 lignes
2026-07-19 22:16:30,970 | INFO | Messages Slack exportés : C:\Users\micka\Formation IA\Projet 12\P12-sport-data-poc\data\processed\slack_messages.csv
2026-07-19 22:16:31,235 | INFO | Base mise à jour : 161 salariés, 9110 activités, 9110 messages Slack
2026-07-19 22:16:31,235 | INFO | Pipeline terminé avec succès en 0.96 secondes
2026-07-19 23:27:42,801 | INFO | Démarrage du pipeline | run_id=dc4e0f4d-f66a-4f6d-bb90-826e97fc1bff
2026-07-19 23:27:42,995 | INFO | Données RH chargées : 161 salariés
2026-07-19 23:27:43,045 | INFO | Données sport chargées : 161 enregistrements
2026-07-19 23:27:43,048 | INFO | Transformation terminée : 161 salariés
2026-07-19 23:27:43,049 | INFO | Validation des données terminée
2026-07-19 23:27:43,096 | INFO | Calcul des distances terminé : 161 valeur(s) depuis le cache, 0 appel(s) Google, 0 adresse(s) manquante(s).
2026-07-19 23:27:43,097 | INFO | Distances calculées : moyenne 19.42 km, minimum 0.25 km, maximum 76.67 km
2026-07-19 23:27:43,099 | INFO | Éligibilité transport : 68 salarié(s) sur 161, soit 42.2 %
2026-07-19 23:27:43,099 | INFO | Coût total prévisionnel des primes : 172482.50 €
2026-07-19 23:27:43,205 | INFO | Activités associées à un sport invalide : 0
2026-07-19 23:27:43,205 | INFO | Activités générées sur 12 mois : 9110
2026-07-19 23:27:43,205 | INFO | Salariés ayant au moins une activité : 95
2026-07-19 23:27:43,205 | INFO | Activités avec distance renseignée : 4870
2026-07-19 23:27:43,219 | INFO | Salariés éligibles aux jours bien-être : 95
2026-07-19 23:27:43,219 | INFO | Total de jours bien-être accordés : 475
2026-07-19 23:27:43,360 | INFO | Messages Slack générés : 9110
2026-07-19 23:27:43,363 | INFO | Export terminé : 161 lignes écrites
2026-07-19 23:27:43,414 | INFO | Export des activités terminé : 9110 lignes
2026-07-19 23:27:43,457 | INFO | Messages Slack exportés : C:\Users\micka\Formation IA\Projet 12\P12-sport-data-poc\data\processed\slack_messages.csv
2026-07-19 23:27:43,688 | INFO | Base mise à jour : 161 salariés, 9110 activités, 9110 messages Slack
2026-07-19 23:27:43,698 | INFO | Pipeline terminé avec succès en 0.89 secondes | run_id=dc4e0f4d-f66a-4f6d-bb90-826e97fc1bff
2026-07-19 23:29:11,657 | INFO | Démarrage du pipeline | run_id=2710f495-5d0a-432a-8d52-51cb8fb43d83
2026-07-19 23:29:11,844 | INFO | Données RH chargées : 161 salariés
2026-07-19 23:29:11,894 | INFO | Données sport chargées : 161 enregistrements
2026-07-19 23:29:11,896 | INFO | Transformation terminée : 161 salariés
2026-07-19 23:29:11,897 | INFO | Validation des données terminée
2026-07-19 23:29:11,945 | INFO | Calcul des distances terminé : 161 valeur(s) depuis le cache, 0 appel(s) Google, 0 adresse(s) manquante(s).
2026-07-19 23:29:11,945 | INFO | Distances calculées : moyenne 19.42 km, minimum 0.25 km, maximum 76.67 km
2026-07-19 23:29:11,947 | INFO | Éligibilité transport : 68 salarié(s) sur 161, soit 42.2 %
2026-07-19 23:29:11,947 | INFO | Coût total prévisionnel des primes : 172482.50 €
2026-07-19 23:29:12,051 | INFO | Activités associées à un sport invalide : 0
2026-07-19 23:29:12,051 | INFO | Activités générées sur 12 mois : 9110
2026-07-19 23:29:12,051 | INFO | Salariés ayant au moins une activité : 95
2026-07-19 23:29:12,052 | INFO | Activités avec distance renseignée : 4870
2026-07-19 23:29:12,065 | INFO | Salariés éligibles aux jours bien-être : 95
2026-07-19 23:29:12,065 | INFO | Total de jours bien-être accordés : 475
2026-07-19 23:29:12,198 | INFO | Messages Slack générés : 9110
2026-07-19 23:29:12,202 | INFO | Export terminé : 161 lignes écrites
2026-07-19 23:29:12,248 | INFO | Export des activités terminé : 9110 lignes
2026-07-19 23:29:12,290 | INFO | Messages Slack exportés : C:\Users\micka\Formation IA\Projet 12\P12-sport-data-poc\data\processed\slack_messages.csv
2026-07-19 23:29:12,510 | INFO | Base mise à jour : 161 salariés, 9110 activités, 9110 messages Slack
2026-07-19 23:29:12,517 | INFO | Pipeline terminé avec succès en 0.85 secondes | run_id=2710f495-5d0a-432a-8d52-51cb8fb43d83
2026-07-20 19:37:48,695 | INFO | Démarrage du pipeline | run_id=cc94d08c-1115-44ae-b416-ecdcc6856e68
2026-07-20 19:37:48,917 | INFO | Données RH chargées : 161 salariés
2026-07-20 19:37:48,967 | INFO | Données sport chargées : 161 enregistrements
2026-07-20 19:37:48,970 | INFO | Transformation terminée : 161 salariés
2026-07-20 19:37:48,971 | INFO | Validation des données terminée
2026-07-20 19:37:49,020 | INFO | Calcul des distances terminé : 161 valeur(s) depuis le cache, 0 appel(s) Google, 0 adresse(s) manquante(s).
2026-07-20 19:37:49,021 | INFO | Distances calculées : moyenne 19.42 km, minimum 0.25 km, maximum 76.67 km
2026-07-20 19:37:49,023 | INFO | Éligibilité transport : 68 salarié(s) sur 161, soit 42.2 %
2026-07-20 19:37:49,023 | INFO | Coût total prévisionnel des primes : 172482.50 €
2026-07-20 19:37:49,129 | INFO | Activités associées à un sport invalide : 0
2026-07-20 19:37:49,129 | INFO | Activités générées sur 12 mois : 9110
2026-07-20 19:37:49,130 | INFO | Salariés ayant au moins une activité : 95
2026-07-20 19:37:49,130 | INFO | Activités avec distance renseignée : 4870
2026-07-20 19:37:49,144 | INFO | Salariés éligibles aux jours bien-être : 95
2026-07-20 19:37:49,144 | INFO | Total de jours bien-être accordés : 475
2026-07-20 19:37:49,278 | INFO | Messages Slack générés : 9110
2026-07-20 19:37:49,282 | INFO | Export terminé : 161 lignes écrites
2026-07-20 19:37:49,327 | INFO | Export des activités terminé : 9110 lignes
2026-07-20 19:37:49,370 | INFO | Messages Slack exportés : C:\Users\micka\Formation IA\Projet 12\P12-sport-data-poc\data\processed\slack_messages.csv
2026-07-20 19:37:49,599 | INFO | Base mise à jour : 161 salariés, 9110 activités, 9110 messages Slack
2026-07-20 19:37:49,605 | INFO | Pipeline terminé avec succès en 0.90 secondes | run_id=cc94d08c-1115-44ae-b416-ecdcc6856e68
2026-07-20 19:37:54,183 | INFO | Démarrage du pipeline | run_id=afa7831b-7de6-4e7d-8e53-c7ac23dc9c24
2026-07-20 19:37:54,368 | INFO | Données RH chargées : 161 salariés
2026-07-20 19:37:54,419 | INFO | Données sport chargées : 161 enregistrements
2026-07-20 19:37:54,421 | INFO | Transformation terminée : 161 salariés
2026-07-20 19:37:54,423 | INFO | Validation des données terminée
2026-07-20 19:37:54,470 | INFO | Calcul des distances terminé : 161 valeur(s) depuis le cache, 0 appel(s) Google, 0 adresse(s) manquante(s).
2026-07-20 19:37:54,471 | INFO | Distances calculées : moyenne 19.42 km, minimum 0.25 km, maximum 76.67 km
2026-07-20 19:37:54,474 | INFO | Éligibilité transport : 68 salarié(s) sur 161, soit 42.2 %
2026-07-20 19:37:54,474 | INFO | Coût total prévisionnel des primes : 172482.50 €
2026-07-20 19:37:54,580 | INFO | Activités associées à un sport invalide : 0
2026-07-20 19:37:54,580 | INFO | Activités générées sur 12 mois : 9110
2026-07-20 19:37:54,580 | INFO | Salariés ayant au moins une activité : 95
2026-07-20 19:37:54,581 | INFO | Activités avec distance renseignée : 4870
2026-07-20 19:37:54,593 | INFO | Salariés éligibles aux jours bien-être : 95
2026-07-20 19:37:54,594 | INFO | Total de jours bien-être accordés : 475
2026-07-20 19:37:54,745 | INFO | Messages Slack générés : 9110
2026-07-20 19:37:54,750 | INFO | Export terminé : 161 lignes écrites
2026-07-20 19:37:54,796 | INFO | Export des activités terminé : 9110 lignes
2026-07-20 19:37:54,839 | INFO | Messages Slack exportés : C:\Users\micka\Formation IA\Projet 12\P12-sport-data-poc\data\processed\slack_messages.csv
2026-07-20 19:37:55,072 | INFO | Base mise à jour : 161 salariés, 9110 activités, 9110 messages Slack
2026-07-20 19:37:55,078 | INFO | Pipeline terminé avec succès en 0.89 secondes | run_id=afa7831b-7de6-4e7d-8e53-c7ac23dc9c24
2026-07-20 21:48:41,179 | INFO | Démarrage du pipeline | run_id=fb54178e-19f2-4d90-a3c5-06f07a4e4f33
2026-07-20 21:48:41,371 | INFO | Données RH chargées : 161 salariés
2026-07-20 21:48:41,427 | INFO | Données sport chargées : 161 enregistrements
2026-07-20 21:48:41,429 | INFO | Transformation terminée : 161 salariés
2026-07-20 21:48:41,430 | INFO | Validation des données terminée
2026-07-20 21:48:41,477 | INFO | Calcul des distances terminé : 161 valeur(s) depuis le cache, 0 appel(s) Google, 0 adresse(s) manquante(s).
2026-07-20 21:48:41,478 | INFO | Distances calculées : moyenne 19.42 km, minimum 0.25 km, maximum 76.67 km
2026-07-20 21:48:41,479 | INFO | Éligibilité transport : 68 salarié(s) sur 161, soit 42.2 %
2026-07-20 21:48:41,479 | INFO | Coût total prévisionnel des primes : 172482.50 €
2026-07-20 21:48:41,584 | INFO | Activités associées à un sport invalide : 0
2026-07-20 21:48:41,585 | INFO | Activités générées sur 12 mois : 9110
2026-07-20 21:48:41,585 | INFO | Salariés ayant au moins une activité : 95
2026-07-20 21:48:41,586 | INFO | Activités avec distance renseignée : 4870
2026-07-20 21:48:41,598 | INFO | Salariés éligibles aux jours bien-être : 95
2026-07-20 21:48:41,599 | INFO | Total de jours bien-être accordés : 475
2026-07-20 21:48:41,732 | INFO | Messages Slack générés : 9110
2026-07-20 21:48:41,735 | INFO | Export terminé : 161 lignes écrites
2026-07-20 21:48:41,781 | INFO | Export des activités terminé : 9110 lignes
2026-07-20 21:48:41,823 | INFO | Messages Slack exportés : C:\Users\micka\Formation IA\Projet 12\P12-sport-data-poc\data\processed\slack_messages.csv
2026-07-20 21:48:42,052 | INFO | Base mise à jour : 161 salariés, 9110 activités, 9110 messages Slack
2026-07-20 21:48:42,065 | INFO | Export du monitoring terminé : 5 exécution(s)
2026-07-20 21:48:42,065 | INFO | Pipeline terminé avec succès en 0.87 secondes | run_id=fb54178e-19f2-4d90-a3c5-06f07a4e4f33
2026-07-21 14:30:38,713 | INFO | Démarrage du pipeline | run_id=5a7da27a-5f98-4e1d-a0be-75765dd655eb
2026-07-21 14:30:38,972 | INFO | Données RH chargées : 161 salariés
2026-07-21 14:30:39,000 | INFO | Données sport chargées : 161 enregistrements
2026-07-21 14:30:39,003 | INFO | Transformation terminée : 161 salariés
2026-07-21 14:30:39,005 | INFO | Validation des données terminée
2026-07-21 14:30:39,006 | INFO | Distances calculées : moyenne 24.20 km, minimum 2.40 km, maximum 59.80 km
2026-07-21 14:30:39,008 | INFO | Éligibilité transport : 53 salarié(s) sur 161, soit 32.9 %
2026-07-21 14:30:39,008 | INFO | Coût total prévisionnel des primes : 133150.00 €
2026-07-21 14:30:39,018 | INFO | Activités incrémentales générées : 9 (IDs 9111 à 9119)
2026-07-21 14:30:39,088 | INFO | Salariés éligibles aux jours bien-être : 95
2026-07-21 14:30:39,088 | INFO | Total de jours bien-être accordés : 475
2026-07-21 14:30:39,092 | INFO | Messages Slack générés : 9
2026-07-21 14:30:39,155 | INFO | Export terminé : 161 lignes écrites
2026-07-21 14:30:39,204 | INFO | Export des activités terminé : 9119 lignes
2026-07-21 14:30:39,251 | INFO | Messages Slack exportés : /mnt/data/p12proj/data/processed/slack_messages.csv
2026-07-21 14:30:39,261 | INFO | Export du monitoring terminé : 6 exécution(s)
2026-07-21 14:30:39,262 | INFO | Pipeline terminé avec succès en 0.54 secondes | run_id=5a7da27a-5f98-4e1d-a0be-75765dd655eb | mode=incrémental | nouvelles_activités=9
2026-07-21 14:30:40,968 | INFO | Démarrage du pipeline | run_id=5c5377bc-e97c-4e84-ba92-1384fb9837af
2026-07-21 14:30:41,128 | INFO | Données RH chargées : 161 salariés
2026-07-21 14:30:41,149 | INFO | Données sport chargées : 161 enregistrements
2026-07-21 14:30:41,152 | INFO | Transformation terminée : 161 salariés
2026-07-21 14:30:41,153 | INFO | Validation des données terminée
2026-07-21 14:30:41,154 | INFO | Distances calculées : moyenne 24.20 km, minimum 2.40 km, maximum 59.80 km
2026-07-21 14:30:41,155 | INFO | Éligibilité transport : 53 salarié(s) sur 161, soit 32.9 %
2026-07-21 14:30:41,155 | INFO | Coût total prévisionnel des primes : 133150.00 €
2026-07-21 14:30:41,166 | INFO | Activités incrémentales générées : 4 (IDs 9120 à 9123)
2026-07-21 14:30:41,233 | INFO | Salariés éligibles aux jours bien-être : 95
2026-07-21 14:30:41,233 | INFO | Total de jours bien-être accordés : 475
2026-07-21 14:30:41,237 | INFO | Messages Slack générés : 4
2026-07-21 14:30:41,298 | INFO | Export terminé : 161 lignes écrites
2026-07-21 14:30:41,336 | INFO | Export des activités terminé : 9123 lignes
2026-07-21 14:30:41,374 | INFO | Messages Slack exportés : /mnt/data/p12proj/data/processed/slack_messages.csv
2026-07-21 14:30:41,382 | INFO | Export du monitoring terminé : 7 exécution(s)
2026-07-21 14:30:41,383 | INFO | Pipeline terminé avec succès en 0.41 secondes | run_id=5c5377bc-e97c-4e84-ba92-1384fb9837af | mode=incrémental | nouvelles_activités=4
2026-07-27 10:41:08,088 | INFO | Démarrage du pipeline | run_id=7fe4b845-916c-4c41-83af-8dd4ea21b82a
2026-07-27 10:41:08,425 | INFO | Données RH chargées : 161 salariés
2026-07-27 10:41:08,452 | INFO | Données sport chargées : 161 enregistrements
2026-07-27 10:41:08,462 | INFO | Transformation terminée : 161 salariés
2026-07-27 10:41:08,463 | INFO | Validation des données terminée
2026-07-27 10:41:08,515 | INFO | Calcul des distances terminé : 161 valeur(s) depuis le cache, 0 appel(s) Google, 0 adresse(s) manquante(s).
2026-07-27 10:41:08,517 | INFO | Distances calculées : moyenne 19.42 km, minimum 0.25 km, maximum 76.67 km
2026-07-27 10:41:08,520 | INFO | Éligibilité transport : 68 salarié(s) sur 161, soit 42.2 %
2026-07-27 10:41:08,520 | INFO | Coût total prévisionnel des primes : 172482.50 €
2026-07-27 10:41:08,538 | INFO | Activités incrémentales générées : 7 (IDs 9111 à 9117)
2026-07-27 10:41:08,601 | INFO | Salariés éligibles aux jours bien-être : 95
2026-07-27 10:41:08,601 | INFO | Total de jours bien-être accordés : 475
2026-07-27 10:41:08,609 | INFO | Messages Slack générés : 7
2026-07-27 10:41:08,708 | INFO | Export terminé : 161 lignes écrites
2026-07-27 10:41:08,755 | INFO | Export des activités terminé : 9117 lignes
2026-07-27 10:41:08,812 | INFO | Messages Slack exportés : C:\Users\micka\Formation IA\Projet 12\P12-sport-data-poc\data\processed\slack_messages.csv
2026-07-27 10:41:08,829 | INFO | Export du monitoring terminé : 6 exécution(s)
2026-07-27 10:41:08,830 | INFO | Pipeline terminé avec succès en 0.72 secondes | run_id=7fe4b845-916c-4c41-83af-8dd4ea21b82a | mode=incrémental | nouvelles_activités=7
2026-07-27 10:44:49,420 | INFO | Démarrage du pipeline | run_id=bb16fd13-4e0a-4863-9d8d-1e5a800802be
2026-07-27 10:44:49,632 | INFO | Données RH chargées : 161 salariés
2026-07-27 10:44:49,658 | INFO | Données sport chargées : 161 enregistrements
2026-07-27 10:44:49,661 | INFO | Transformation terminée : 161 salariés
2026-07-27 10:44:49,662 | INFO | Validation des données terminée
2026-07-27 10:44:49,709 | INFO | Calcul des distances terminé : 161 valeur(s) depuis le cache, 0 appel(s) Google, 0 adresse(s) manquante(s).
2026-07-27 10:44:49,710 | INFO | Distances calculées : moyenne 19.42 km, minimum 0.25 km, maximum 76.67 km
2026-07-27 10:44:49,712 | INFO | Éligibilité transport : 68 salarié(s) sur 161, soit 42.2 %
2026-07-27 10:44:49,712 | INFO | Coût total prévisionnel des primes : 172482.50 €
2026-07-27 10:44:49,718 | INFO | Activités incrémentales générées : 10 (IDs 9118 à 9127)
2026-07-27 10:44:49,780 | INFO | Salariés éligibles aux jours bien-être : 95
2026-07-27 10:44:49,781 | INFO | Total de jours bien-être accordés : 475
2026-07-27 10:44:49,784 | INFO | Messages Slack générés : 10
2026-07-27 10:44:49,874 | INFO | Export terminé : 161 lignes écrites
2026-07-27 10:44:49,920 | INFO | Export des activités terminé : 9127 lignes
2026-07-27 10:44:49,963 | INFO | Messages Slack exportés : C:\Users\micka\Formation IA\Projet 12\P12-sport-data-poc\data\processed\slack_messages.csv
2026-07-27 10:44:49,975 | INFO | Export du monitoring terminé : 7 exécution(s)
2026-07-27 10:44:49,976 | INFO | Pipeline terminé avec succès en 0.54 secondes | run_id=bb16fd13-4e0a-4863-9d8d-1e5a800802be | mode=incrémental | nouvelles_activités=10
2026-07-27 11:08:33,558 | INFO | Démarrage du pipeline | run_id=b1767205-bf8f-431a-887a-6ac7064bba40
2026-07-27 11:08:33,767 | INFO | Données RH chargées : 161 salariés
2026-07-27 11:08:33,794 | INFO | Données sport chargées : 161 enregistrements
2026-07-27 11:08:33,795 | INFO | Transformation terminée : 161 salariés
2026-07-27 11:08:33,797 | INFO | Validation des données terminée
2026-07-27 11:08:33,843 | INFO | Calcul des distances terminé : 161 valeur(s) depuis le cache, 0 appel(s) Google, 0 adresse(s) manquante(s).
2026-07-27 11:08:33,844 | INFO | Distances calculées : moyenne 19.42 km, minimum 0.25 km, maximum 76.67 km
2026-07-27 11:08:33,845 | INFO | Éligibilité transport : 68 salarié(s) sur 161, soit 42.2 %
2026-07-27 11:08:33,846 | INFO | Coût total prévisionnel des primes : 172482.50 €
2026-07-27 11:08:33,852 | INFO | Activités incrémentales générées : 10 (IDs 9128 à 9137)
2026-07-27 11:08:33,913 | INFO | Salariés éligibles aux jours bien-être : 95
2026-07-27 11:08:33,913 | INFO | Total de jours bien-être accordés : 475
2026-07-27 11:08:33,917 | INFO | Messages Slack générés : 10
2026-07-27 11:08:34,009 | INFO | Export terminé : 161 lignes écrites
2026-07-27 11:08:34,054 | INFO | Export des activités terminé : 9137 lignes
2026-07-27 11:08:34,098 | INFO | Messages Slack exportés : C:\Users\micka\Formation IA\Projet 12\P12-sport-data-poc\data\processed\slack_messages.csv
2026-07-27 11:08:34,110 | INFO | Export du monitoring terminé : 8 exécution(s)
2026-07-27 11:08:34,116 | INFO | <BrokerConnection node_id=bootstrap-0 host=localhost:19092 <connecting> [IPv6 ('::1', 19092, 0, 0)]>: connecting to localhost:19092 [('::1', 19092, 0, 0) IPv6]
2026-07-27 11:08:34,116 | INFO | Probing node bootstrap-0 broker version
2026-07-27 11:08:34,117 | INFO | <BrokerConnection node_id=bootstrap-0 host=localhost:19092 <connecting> [IPv6 ('::1', 19092, 0, 0)]>: Connection complete.
2026-07-27 11:08:34,218 | INFO | Broker version identified as 2.6.0
2026-07-27 11:08:34,219 | INFO | Set configuration api_version=(2, 6, 0) to skip auto check_version requests on startup
2026-07-27 11:08:34,388 | INFO | <BrokerConnection node_id=0 host=localhost:19092 <connecting> [IPv6 ('::1', 19092, 0, 0)]>: connecting to localhost:19092 [('::1', 19092, 0, 0) IPv6]
2026-07-27 11:08:34,389 | INFO | <BrokerConnection node_id=0 host=localhost:19092 <connecting> [IPv6 ('::1', 19092, 0, 0)]>: Connection complete.
2026-07-27 11:08:34,389 | INFO | <BrokerConnection node_id=bootstrap-0 host=localhost:19092 <connected> [IPv6 ('::1', 19092, 0, 0)]>: Closing connection. 
2026-07-27 11:08:35,058 | INFO | Closing the Kafka producer with 10 secs timeout.
2026-07-27 11:08:35,058 | INFO | <BrokerConnection node_id=0 host=localhost:19092 <connected> [IPv6 ('::1', 19092, 0, 0)]>: Closing connection. 
2026-07-27 11:08:35,058 | INFO | Événements Redpanda publiés | activités=10 | slack=10
2026-07-27 11:08:35,059 | INFO | Pipeline terminé avec succès en 0.54 secondes | run_id=b1767205-bf8f-431a-887a-6ac7064bba40 | mode=incrémental | nouvelles_activités=10
